./backslash.py:1:10: NIC001 Implicitly concatenated string literals
