./blanklines.py:1:11: NIC002 Implicitly concatenated str literals over multiple lines
./blanklines.py:6:11: NIC002 Implicitly concatenated str literals over multiple lines
./blanklines.py:13:15: NIC002 Implicitly concatenated str literals over multiple lines
