./comment.py:1:11: NIC001 Implicitly concatenated string literals
