./fstring.py:2:17: NIC001 Implicitly concatenated string literals
