./noerror.py:10:12: NIC002 Implicitly concatenated string literals over multiple lines
