./triplequote.py:3:7: NIC001 Implicitly concatenated str literals on one line
