files/blanklines.py:1:11: NIC001 Implicitly concatenated string literals
files/blanklines.py:6:11: NIC001 Implicitly concatenated string literals
files/blanklines.py:13:15: NIC001 Implicitly concatenated string literals
