files/list.py:2:11: NIC001 Implicitly concatenated string literals
files/list.py:8:15: NIC001 Implicitly concatenated string literals
